src/components/Cursor.tsx(1,8): error TS6133: 'React' is declared but its value is never read.
src/components/Cursor.tsx(14,29): error TS7006: Parameter 'e' implicitly has an 'any' type.
src/components/ErrorBoundary.tsx(4,17): error TS7006: Parameter 'props' implicitly has an 'any' type.
src/components/ErrorBoundary.tsx(9,37): error TS6133: 'error' is declared but its value is never read.
src/components/ErrorBoundary.tsx(9,37): error TS7006: Parameter 'error' implicitly has an 'any' type.
src/components/ErrorBoundary.tsx(13,23): error TS7006: Parameter 'error' implicitly has an 'any' type.
src/components/ErrorBoundary.tsx(13,30): error TS7006: Parameter 'errorInfo' implicitly has an 'any' type.
src/components/ErrorBoundary.tsx(18,24): error TS2339: Property 'hasError' does not exist on type 'Readonly<{}>'.
src/components/ErrorBoundary.tsx(35,27): error TS2339: Property 'children' does not exist on type 'Readonly<{}>'.
src/components/FeedbackForm.tsx(1,8): error TS6133: 'React' is declared but its value is never read.
src/components/FeedbackForm.tsx(15,27): error TS7006: Parameter 'e' implicitly has an 'any' type.
src/components/FeedbackForm.tsx(105,41): error TS2322: Type '{ children: (string | Element)[]; type: string; disabled: boolean; className: string; }' is not assignable to type 'IntrinsicAttributes & MagneticButtonProps'.
  Property 'type' does not exist on type 'IntrinsicAttributes & MagneticButtonProps'.
src/components/FilmReelLoader.tsx(1,1): error TS6133: 'React' is declared but its value is never read.
src/components/Hero.tsx(1,8): error TS6133: 'React' is declared but its value is never read.
src/components/Hero.tsx(110,50): error TS2322: Type '{ hidden: { y: number; opacity: number; rotateX: number; }; visible: { y: number; opacity: number; rotateX: number; transition: { duration: number; ease: number[]; }; }; }' is not assignable to type 'Variants'.
  Property 'visible' is incompatible with index signature.
    Type '{ y: number; opacity: number; rotateX: number; transition: { duration: number; ease: number[]; }; }' is not assignable to type 'Variant'.
      Type '{ y: number; opacity: number; rotateX: number; transition: { duration: number; ease: number[]; }; }' is not assignable to type 'TargetAndTransition'.
        Type '{ y: number; opacity: number; rotateX: number; transition: { duration: number; ease: number[]; }; }' is not assignable to type '{ transition?: Transition<any> | undefined; transitionEnd?: ResolvedValues$1 | undefined; }'.
          Types of property 'transition' are incompatible.
            Type '{ duration: number; ease: number[]; }' is not assignable to type 'Transition<any> | undefined'.
              Type '{ duration: number; ease: number[]; }' is not assignable to type 'TransitionWithValueOverrides<any>'.
                Type '{ duration: number; ease: number[]; }' is not assignable to type 'ValueAnimationTransition<any>'.
                  Types of property 'ease' are incompatible.
                    Type 'number[]' is not assignable to type 'Easing | Easing[] | undefined'.
                      Type 'number[]' is not assignable to type 'EasingFunction | Easing[]'.
                        Type 'number[]' is not assignable to type 'Easing[]'.
                          Type 'number' is not assignable to type 'Easing'.
src/components/Layout.tsx(17,13): error TS2353: Object literal may only specify known properties, and 'direction' does not exist in type 'LenisOptions'.
src/components/Testimonials.tsx(1,8): error TS6133: 'React' is declared but its value is never read.
src/components/Testimonials.tsx(5,23): error TS6133: 'Plus' is declared but its value is never read.
src/components/Testimonials.tsx(11,23): error TS7031: Binding element 'rating' implicitly has an 'any' type.
src/components/Testimonials.tsx(76,48): error TS6133: 'index' is declared but its value is never read.
